解析到 21 个动作的步骤图定义
  .. 已完成 e1_barbell_bench_press_step1.png
  .. 已完成 e1_barbell_bench_press_step2.png
  .. 已完成 e1_barbell_bench_press_step3.png
  .. 已完成 e1_barbell_bench_press_step4.png
  .. 已完成 e1_barbell_bench_press_step5.png
  .. 已完成 e10_leg_press_step1.png
  .. 已完成 e10_leg_press_step2.png
  .. 已完成 e10_leg_press_step3.png
  .. 已完成 e10_leg_press_step4.png
  .. 已完成 e10_leg_press_step5.png
  .. 已完成 e11_dumbbell_shoulder_press_step1.png
  .. 已完成 e11_dumbbell_shoulder_press_step2.png
  .. 已完成 e11_dumbbell_shoulder_press_step3.png
  .. 已完成 e11_dumbbell_shoulder_press_step4.png
  .. 已完成 e11_dumbbell_shoulder_press_step5.png
  .. 已完成 e12_lateral_raise_step1.png
  .. 已完成 e12_lateral_raise_step2.png
  .. 已完成 e12_lateral_raise_step3.png
  .. 已完成 e12_lateral_raise_step4.png
  .. 已完成 e12_lateral_raise_step5.png
  .. 已完成 e13_dumbbell_curl_step1.png
  .. 已完成 e13_dumbbell_curl_step2.png
  .. 已完成 e13_dumbbell_curl_step3.png
  .. 已完成 e13_dumbbell_curl_step4.png
  .. 已完成 e13_dumbbell_curl_step5.png
  .. 已完成 e14_hammer_curl_step1.png
  .. 已完成 e14_hammer_curl_step2.png
  .. 已完成 e14_hammer_curl_step3.png
  .. 已完成 e14_hammer_curl_step4.png
  .. 已完成 e14_hammer_curl_step5.png
[生成] e15_plank_step1.png (round 1)
[完成] e15_plank_step1.png
[生成] e15_plank_step2.png (round 1)
[完成] e15_plank_step2.png
[生成] e15_plank_step3.png (round 1)
[完成] e15_plank_step3.png
[生成] e15_plank_step4.png (round 1)
[完成] e15_plank_step4.png
[生成] e15_plank_step5.png (round 1)
[完成] e15_plank_step5.png
[生成] e16_crunch_step1.png (round 1)
[完成] e16_crunch_step1.png
[生成] e16_crunch_step2.png (round 1)
[完成] e16_crunch_step2.png
[生成] e16_crunch_step3.png (round 1)
[完成] e16_crunch_step3.png
[生成] e16_crunch_step4.png (round 1)
[完成] e16_crunch_step4.png
[生成] e16_crunch_step5.png (round 1)
[完成] e16_crunch_step5.png
[生成] e17_jogging_step1.png (round 1)
[完成] e17_jogging_step1.png
[生成] e17_jogging_step2.png (round 1)
[完成] e17_jogging_step2.png
[生成] e17_jogging_step3.png (round 1)
[完成] e17_jogging_step3.png
[生成] e17_jogging_step4.png (round 1)
[完成] e17_jogging_step4.png
[生成] e17_jogging_step5.png (round 1)
[完成] e17_jogging_step5.png
[生成] e18_interval_run_step1.png (round 1)
[完成] e18_interval_run_step1.png
[生成] e18_interval_run_step2.png (round 1)
[完成] e18_interval_run_step2.png
[生成] e18_interval_run_step3.png (round 1)
[完成] e18_interval_run_step3.png
[生成] e18_interval_run_step4.png (round 1)
[完成] e18_interval_run_step4.png
[生成] e18_interval_run_step5.png (round 1)
[完成] e18_interval_run_step5.png
[生成] e19_long_distance_run_step1.png (round 1)
[完成] e19_long_distance_run_step1.png
[生成] e19_long_distance_run_step2.png (round 1)
[完成] e19_long_distance_run_step2.png
[生成] e19_long_distance_run_step3.png (round 1)
[完成] e19_long_distance_run_step3.png
[生成] e19_long_distance_run_step4.png (round 1)
[完成] e19_long_distance_run_step4.png
[生成] e19_long_distance_run_step5.png (round 1)
[完成] e19_long_distance_run_step5.png
  .. 已完成 e2_dumbbell_fly_step1.png
  .. 已完成 e2_dumbbell_fly_step2.png
  .. 已完成 e2_dumbbell_fly_step3.png
  .. 已完成 e2_dumbbell_fly_step4.png
  .. 已完成 e2_dumbbell_fly_step5.png
[生成] e20_sprint_step1.png (round 1)
[完成] e20_sprint_step1.png
[生成] e20_sprint_step2.png (round 1)
[完成] e20_sprint_step2.png
[生成] e20_sprint_step3.png (round 1)
[完成] e20_sprint_step3.png
[生成] e20_sprint_step4.png (round 1)
[完成] e20_sprint_step4.png
[生成] e20_sprint_step5.png (round 1)
[完成] e20_sprint_step5.png
[生成] e21_incline_treadmill_run_step1.png (round 1)
[完成] e21_incline_treadmill_run_step1.png
[生成] e21_incline_treadmill_run_step2.png (round 1)
[完成] e21_incline_treadmill_run_step2.png
[生成] e21_incline_treadmill_run_step3.png (round 1)
[完成] e21_incline_treadmill_run_step3.png
[生成] e21_incline_treadmill_run_step4.png (round 1)
[完成] e21_incline_treadmill_run_step4.png
[生成] e21_incline_treadmill_run_step5.png (round 1)
[完成] e21_incline_treadmill_run_step5.png
[生成] e3_incline_bench_press_step1.png (round 1)
[完成] e3_incline_bench_press_step1.png
[生成] e3_incline_bench_press_step2.png (round 1)
[完成] e3_incline_bench_press_step2.png
[生成] e3_incline_bench_press_step3.png (round 1)
[完成] e3_incline_bench_press_step3.png
[生成] e3_incline_bench_press_step4.png (round 1)
[完成] e3_incline_bench_press_step4.png
[生成] e3_incline_bench_press_step5.png (round 1)
[完成] e3_incline_bench_press_step5.png
[生成] e4_cable_crossover_step1.png (round 1)
[完成] e4_cable_crossover_step1.png
[生成] e4_cable_crossover_step2.png (round 1)
[完成] e4_cable_crossover_step2.png
[生成] e4_cable_crossover_step3.png (round 1)
[完成] e4_cable_crossover_step3.png
[生成] e4_cable_crossover_step4.png (round 1)
[完成] e4_cable_crossover_step4.png
[生成] e4_cable_crossover_step5.png (round 1)
[完成] e4_cable_crossover_step5.png
[生成] e5_pull-up_step1.png (round 1)
[完成] e5_pull-up_step1.png
[生成] e5_pull-up_step2.png (round 1)
[完成] e5_pull-up_step2.png
[生成] e5_pull-up_step3.png (round 1)
[完成] e5_pull-up_step3.png
[生成] e5_pull-up_step4.png (round 1)
[完成] e5_pull-up_step4.png
[生成] e5_pull-up_step5.png (round 1)
[完成] e5_pull-up_step5.png
[生成] e6_barbell_row_step1.png (round 1)
[完成] e6_barbell_row_step1.png
[生成] e6_barbell_row_step2.png (round 1)
[完成] e6_barbell_row_step2.png
[生成] e6_barbell_row_step3.png (round 1)
[完成] e6_barbell_row_step3.png
[生成] e6_barbell_row_step4.png (round 1)
[完成] e6_barbell_row_step4.png
[生成] e6_barbell_row_step5.png (round 1)
[完成] e6_barbell_row_step5.png
[生成] e7_lat_pulldown_step1.png (round 1)
[完成] e7_lat_pulldown_step1.png
[生成] e7_lat_pulldown_step2.png (round 1)
[完成] e7_lat_pulldown_step2.png
[生成] e7_lat_pulldown_step3.png (round 1)
[完成] e7_lat_pulldown_step3.png
[生成] e7_lat_pulldown_step4.png (round 1)
  [失败] HTTP 502: {'error': {'type': 'upstream_error', 'message': 'The operation was aborted due to timeout', 'code': 502}}
[生成] e7_lat_pulldown_step4.png (round 2)
[完成] e7_lat_pulldown_step4.png
[生成] e7_lat_pulldown_step5.png (round 1)
[完成] e7_lat_pulldown_step5.png
[生成] e8_seated_cable_row_step1.png (round 1)
[完成] e8_seated_cable_row_step1.png
[生成] e8_seated_cable_row_step2.png (round 1)
[完成] e8_seated_cable_row_step2.png
[生成] e8_seated_cable_row_step3.png (round 1)
[完成] e8_seated_cable_row_step3.png
[生成] e8_seated_cable_row_step4.png (round 1)
[完成] e8_seated_cable_row_step4.png
[生成] e8_seated_cable_row_step5.png (round 1)
[完成] e8_seated_cable_row_step5.png
[生成] e9_barbell_squat_step1.png (round 1)
[完成] e9_barbell_squat_step1.png
[生成] e9_barbell_squat_step2.png (round 1)
  [失败] HTTP 502: {'error': {'type': 'upstream_error', 'message': 'The operation was aborted due to timeout', 'code': 502}}
[生成] e9_barbell_squat_step2.png (round 2)
[完成] e9_barbell_squat_step2.png
[生成] e9_barbell_squat_step3.png (round 1)
[完成] e9_barbell_squat_step3.png
[生成] e9_barbell_squat_step4.png (round 1)
  [失败] HTTP 502: {'error': {'type': 'upstream_error', 'message': 'The operation was aborted due to timeout', 'code': 502}}
[生成] e9_barbell_squat_step4.png (round 2)
[完成] e9_barbell_squat_step4.png
[生成] e9_barbell_squat_step5.png (round 1)
[完成] e9_barbell_squat_step5.png
全部完成: 成功 105/105
